Component: ARM Compiler 5.06 update 6 (build 750) Tool: armlink [4d35ed]

==============================================================================

Small function inlining results

Inlined total of 0 calls.

==============================================================================

Section Cross References

    system_nano1x2series.o(i.SysGet_HCLKFreq) refers to system_nano1x2series.o(i.SysGet_PLLClockFreq) for SysGet_PLLClockFreq
    system_nano1x2series.o(i.SysGet_HCLKFreq) refers to uidiv.o(.text) for __aeabi_uidivmod
    system_nano1x2series.o(i.SysGet_PLLClockFreq) refers to uidiv.o(.text) for __aeabi_uidivmod
    system_nano1x2series.o(i.SystemCoreClockUpdate) refers to system_nano1x2series.o(i.SysGet_HCLKFreq) for SysGet_HCLKFreq
    system_nano1x2series.o(i.SystemCoreClockUpdate) refers to uidiv.o(.text) for __aeabi_uidivmod
    system_nano1x2series.o(i.SystemCoreClockUpdate) refers to system_nano1x2series.o(.data) for .data
    startup_nano1x2series.o(RESET) refers to startup_nano1x2series.o(STACK) for __initial_sp
    startup_nano1x2series.o(RESET) refers to startup_nano1x2series.o(.text) for Reset_Handler
    startup_nano1x2series.o(RESET) refers to main.o(i.TMR0_IRQHandler) for TMR0_IRQHandler
    startup_nano1x2series.o(RESET) refers to main.o(i.TMR1_IRQHandler) for TMR1_IRQHandler
    startup_nano1x2series.o(RESET) refers to main.o(i.UART1_IRQHandler) for UART1_IRQHandler
    startup_nano1x2series.o(.text) refers to entry.o(.ARM.Collect$$$$00000000) for __main
    main.o(i.BLE_sleep) refers to main.o(i.CLK_SysTickDelay) for CLK_SysTickDelay
    main.o(i.BLE_wakeup) refers to main.o(i.CLK_SysTickDelay) for CLK_SysTickDelay
    main.o(i.CLK_SysTickDelay) refers to system_nano1x2series.o(.data) for CyclesPerUs
    main.o(i.FMC_Read1) refers to main.o(.data) for .data
    main.o(i.ParseCmd) refers to fmc.o(i.ReadData) for ReadData
    main.o(i.ParseCmd) refers to fmc.o(i.EraseAP) for EraseAP
    main.o(i.ParseCmd) refers to fmc.o(i.UpdateConfig) for UpdateConfig
    main.o(i.ParseCmd) refers to fmc.o(i.GetDataFlashInfo) for GetDataFlashInfo
    main.o(i.ParseCmd) refers to fmc.o(i.FMC_Erase) for FMC_Erase
    main.o(i.ParseCmd) refers to fmc.o(i.WriteData) for WriteData
    main.o(i.ParseCmd) refers to main.o(i.Checksum) for Checksum
    main.o(i.ParseCmd) refers to main.o(.bss) for .bss
    main.o(i.ParseCmd) refers to main.o(.data) for .data
    main.o(i.PutString) refers to main.o(.data) for .data
    main.o(i.PutString) refers to main.o(.bss) for .bss
    main.o(i.SYS_Init) refers to main.o(i.NVIC_SetPriority) for NVIC_SetPriority
    main.o(i.SYS_Init) refers to main.o(.data) for .data
    main.o(i.TMR0_IRQHandler) refers to main.o(.data) for .data
    main.o(i.TMR1_IRQHandler) refers to main.o(.data) for .data
    main.o(i.UART1_IRQHandler) refers to main.o(.data) for .data
    main.o(i.UART1_IRQHandler) refers to main.o(.bss) for .bss
    main.o(i.bin_to_approm) refers to fmc.o(i.EraseAP) for EraseAP
    main.o(i.bin_to_approm) refers to w25q32.o(i.SpiFlash_NormalRead) for SpiFlash_NormalRead
    main.o(i.bin_to_approm) refers to fmc.o(i.WriteData) for WriteData
    main.o(i.ble_mode_cmd_m) refers to main.o(i.BLE_wakeup) for BLE_wakeup
    main.o(i.ble_mode_cmd_m) refers to main.o(i.FMC_Read1) for FMC_Read1
    main.o(i.ble_mode_cmd_m) refers to main.o(i.PutString) for PutString
    main.o(i.ble_mode_cmd_m) refers to main.o(i.BLE_sleep) for BLE_sleep
    main.o(i.ble_mode_cmd_m) refers to main.o(.bss) for .bss
    main.o(i.ble_mode_cmd_m) refers to main.o(.data) for .data
    main.o(i.ble_ota_io_init) refers to main.o(i.CLK_SysTickDelay) for CLK_SysTickDelay
    main.o(i.ble_ota_io_init) refers to main.o(.data) for .data
    main.o(i.ble_ota_step_function) refers to main.o(i.__ARM_common_switch8) for __ARM_common_switch8
    main.o(i.ble_ota_step_function) refers to main.o(i.ble_ota_io_init) for ble_ota_io_init
    main.o(i.ble_ota_step_function) refers to main.o(i.ble_mode_cmd_m) for ble_mode_cmd_m
    main.o(i.ble_ota_step_function) refers to main.o(i.wait_cmd_m_ack) for wait_cmd_m_ack
    main.o(i.ble_ota_step_function) refers to main.o(i.wait_meter_tyep_check) for wait_meter_tyep_check
    main.o(i.ble_ota_step_function) refers to main.o(.data) for .data
    main.o(i.calculate_aprom_checksum) refers to fmc.o(i.ReadData) for ReadData
    main.o(i.default_flash_rom) refers to w25q32.o(i.SpiFlash_ChipErase_logger) for SpiFlash_ChipErase_logger
    main.o(i.default_flash_rom) refers to w25q32.o(i.SpiFlash_NormalPageProgram) for SpiFlash_NormalPageProgram
    main.o(i.main) refers to main.o(i.SYS_Init) for SYS_Init
    main.o(i.main) refers to fmc.o(i.FMC_Read) for FMC_Read
    main.o(i.main) refers to fmc.o(i.GetDataFlashInfo) for GetDataFlashInfo
    main.o(i.main) refers to w25q32.o(i.SpiFlash_NormalRead) for SpiFlash_NormalRead
    main.o(i.main) refers to main.o(i.bin_to_approm) for bin_to_approm
    main.o(i.main) refers to w25q32.o(i.spi_flash_erase) for spi_flash_erase
    main.o(i.main) refers to main.o(i.calculate_aprom_checksum) for calculate_aprom_checksum
    main.o(i.main) refers to fmc.o(i.ReadData) for ReadData
    main.o(i.main) refers to main.o(i.SysTimerDelay) for SysTimerDelay
    main.o(i.main) refers to main.o(i.ble_ota_step_function) for ble_ota_step_function
    main.o(i.main) refers to main.o(i.ParseCmd) for ParseCmd
    main.o(i.main) refers to fmc.o(i.FMC_Write) for FMC_Write
    main.o(i.main) refers to main.o(i.PutString) for PutString
    main.o(i.main) refers to main.o(.data) for .data
    main.o(i.main) refers to main.o(.bss) for .bss
    main.o(i.wait_cmd_m_ack) refers to main.o(.data) for .data
    main.o(i.wait_cmd_m_ack) refers to main.o(.bss) for .bss
    main.o(i.wait_meter_tyep_check) refers to main.o(i.PutString) for PutString
    main.o(i.wait_meter_tyep_check) refers to main.o(.data) for .data
    main.o(i.wait_meter_tyep_check) refers to main.o(.bss) for .bss
    fmc.o(i.EraseAP) refers to fmc.o(i.FMC_Erase) for FMC_Erase
    fmc.o(i.EraseAP) refers to main.o(.data) for g_dataFlashAddr
    fmc.o(i.GetDataFlashInfo) refers to fmc.o(i.FMC_Read) for FMC_Read
    fmc.o(i.GetDataFlashInfo) refers to main.o(.data) for g_apromSize
    fmc.o(i.ReadData) refers to fmc.o(i.FMC_Read) for FMC_Read
    fmc.o(i.UpdateConfig) refers to fmc.o(i.FMC_Erase) for FMC_Erase
    fmc.o(i.UpdateConfig) refers to fmc.o(i.FMC_Write) for FMC_Write
    fmc.o(i.UpdateConfig) refers to fmc.o(i.FMC_Read) for FMC_Read
    fmc.o(i.WriteData) refers to fmc.o(i.FMC_Write) for FMC_Write
    w25q32.o(i.SpiFlash_ChipErase_logger) refers to w25q32.o(i.SPI_SET_SS0_LOW) for SPI_SET_SS0_LOW
    w25q32.o(i.SpiFlash_ChipErase_logger) refers to w25q32.o(i.SPI_SET_SS0_HIGH) for SPI_SET_SS0_HIGH
    w25q32.o(i.SpiFlash_ChipErase_logger) refers to w25q32.o(i.SpiFlash_WaitReady_1) for SpiFlash_WaitReady_1
    w25q32.o(i.SpiFlash_NormalPageProgram) refers to w25q32.o(i.SPI_SET_SS0_LOW) for SPI_SET_SS0_LOW
    w25q32.o(i.SpiFlash_NormalPageProgram) refers to w25q32.o(i.SPI_SET_SS0_HIGH) for SPI_SET_SS0_HIGH
    w25q32.o(i.SpiFlash_NormalPageProgram) refers to w25q32.o(i.SpiFlash_WaitReady_1) for SpiFlash_WaitReady_1
    w25q32.o(i.SpiFlash_NormalRead) refers to w25q32.o(i.SPI_SET_SS0_LOW) for SPI_SET_SS0_LOW
    w25q32.o(i.SpiFlash_NormalRead) refers to w25q32.o(i.SPI_SET_SS0_HIGH) for SPI_SET_SS0_HIGH
    w25q32.o(i.SpiFlash_ReadMidDid) refers to w25q32.o(i.SPI_SET_SS0_LOW) for SPI_SET_SS0_LOW
    w25q32.o(i.SpiFlash_ReadMidDid) refers to w25q32.o(i.SPI_SET_SS0_HIGH) for SPI_SET_SS0_HIGH
    w25q32.o(i.SpiFlash_ReadStatusReg) refers to w25q32.o(i.SPI_SET_SS0_LOW) for SPI_SET_SS0_LOW
    w25q32.o(i.SpiFlash_ReadStatusReg) refers to w25q32.o(i.SPI_SET_SS0_HIGH) for SPI_SET_SS0_HIGH
    w25q32.o(i.SpiFlash_WaitReady_1) refers to w25q32.o(i.SpiFlash_ReadStatusReg) for SpiFlash_ReadStatusReg
    w25q32.o(i.spi_flash_erase) refers to w25q32.o(i.SPI_SET_SS0_LOW) for SPI_SET_SS0_LOW
    w25q32.o(i.spi_flash_erase) refers to w25q32.o(i.SPI_SET_SS0_HIGH) for SPI_SET_SS0_HIGH
    w25q32.o(i.spi_flash_erase) refers to w25q32.o(i.SpiFlash_WaitReady_1) for SpiFlash_WaitReady_1
    entry.o(.ARM.Collect$$$$00000000) refers (Special) to entry10a.o(.ARM.Collect$$$$0000000D) for __rt_final_cpp
    entry.o(.ARM.Collect$$$$00000000) refers (Special) to entry11a.o(.ARM.Collect$$$$0000000F) for __rt_final_exit
    entry.o(.ARM.Collect$$$$00000000) refers (Special) to entry7b.o(.ARM.Collect$$$$00000008) for _main_clock
    entry.o(.ARM.Collect$$$$00000000) refers (Special) to entry8b.o(.ARM.Collect$$$$0000000A) for _main_cpp_init
    entry.o(.ARM.Collect$$$$00000000) refers (Special) to entry9a.o(.ARM.Collect$$$$0000000B) for _main_init
    entry.o(.ARM.Collect$$$$00000000) refers (Special) to entry5.o(.ARM.Collect$$$$00000004) for _main_scatterload
    entry.o(.ARM.Collect$$$$00000000) refers (Special) to entry2.o(.ARM.Collect$$$$00000001) for _main_stk
    entry2.o(.ARM.Collect$$$$00000001) refers to entry2.o(.ARM.Collect$$$$00002712) for __lit__00000000
    entry2.o(.ARM.Collect$$$$00002712) refers to startup_nano1x2series.o(STACK) for __initial_sp
    entry2.o(__vectab_stack_and_reset_area) refers to startup_nano1x2series.o(STACK) for __initial_sp
    entry2.o(__vectab_stack_and_reset_area) refers to entry.o(.ARM.Collect$$$$00000000) for __main
    entry5.o(.ARM.Collect$$$$00000004) refers to init.o(.text) for __scatterload
    entry9a.o(.ARM.Collect$$$$0000000B) refers to main.o(i.main) for main
    entry9b.o(.ARM.Collect$$$$0000000C) refers to main.o(i.main) for main
    init.o(.text) refers to entry5.o(.ARM.Collect$$$$00000004) for __main_after_scatterload


==============================================================================

Removing Unused input sections from the image.

    Removing system_nano1x2series.o(.rev16_text), (4 bytes).
    Removing system_nano1x2series.o(.revsh_text), (4 bytes).
    Removing system_nano1x2series.o(i.SysGet_HCLKFreq), (68 bytes).
    Removing system_nano1x2series.o(i.SysGet_PLLClockFreq), (60 bytes).
    Removing system_nano1x2series.o(i.SystemCoreClockUpdate), (32 bytes).
    Removing startup_nano1x2series.o(HEAP), (512 bytes).
    Removing main.o(.rev16_text), (4 bytes).
    Removing main.o(.revsh_text), (4 bytes).
    Removing main.o(i.default_flash_rom), (32 bytes).
    Removing main.o(.data), (4 bytes).
    Removing main.o(.data), (4 bytes).
    Removing main.o(.data), (1 bytes).
    Removing main.o(.data), (4 bytes).
    Removing main.o(.data), (4 bytes).
    Removing main.o(.data), (4 bytes).
    Removing fmc.o(.rev16_text), (4 bytes).
    Removing fmc.o(.revsh_text), (4 bytes).
    Removing w25q32.o(.rev16_text), (4 bytes).
    Removing w25q32.o(.revsh_text), (4 bytes).
    Removing w25q32.o(i.SPI_ClearRxFIFO), (10 bytes).
    Removing w25q32.o(i.SpiFlash_ChipErase_logger), (104 bytes).
    Removing w25q32.o(i.SpiFlash_NormalPageProgram), (116 bytes).
    Removing w25q32.o(i.SpiFlash_ReadMidDid), (72 bytes).

23 unused section(s) (total 1059 bytes) removed from the image.

==============================================================================

Image Symbol Table

    Local Symbols

    Symbol Name                              Value     Ov Type        Size  Object(Section)

    RESET                                    0x00000000   Section      192  startup_nano1x2series.o(RESET)
    ../clib/microlib/division.c              0x00000000   Number         0  uidiv.o ABSOLUTE
    ../clib/microlib/init/entry.s            0x00000000   Number         0  entry9b.o ABSOLUTE
    ../clib/microlib/init/entry.s            0x00000000   Number         0  entry8a.o ABSOLUTE
    ../clib/microlib/init/entry.s            0x00000000   Number         0  entry8b.o ABSOLUTE
    ../clib/microlib/init/entry.s            0x00000000   Number         0  entry9a.o ABSOLUTE
    ../clib/microlib/init/entry.s            0x00000000   Number         0  entry10a.o ABSOLUTE
    ../clib/microlib/init/entry.s            0x00000000   Number         0  entry10b.o ABSOLUTE
    ../clib/microlib/init/entry.s            0x00000000   Number         0  entry11a.o ABSOLUTE
    ../clib/microlib/init/entry.s            0x00000000   Number         0  entry2.o ABSOLUTE
    ../clib/microlib/init/entry.s            0x00000000   Number         0  entry11b.o ABSOLUTE
    ../clib/microlib/init/entry.s            0x00000000   Number         0  entry.o ABSOLUTE
    ../clib/microlib/init/entry.s            0x00000000   Number         0  entry7b.o ABSOLUTE
    ../clib/microlib/init/entry.s            0x00000000   Number         0  entry7a.o ABSOLUTE
    ../clib/microlib/init/entry.s            0x00000000   Number         0  entry5.o ABSOLUTE
    ..\..\..\Library\Device\Nuvoton\Nano1X2Series\Source\ARM\startup_Nano1X2Series.s 0x00000000   Number         0  startup_nano1x2series.o ABSOLUTE
    ..\..\..\Library\Device\Nuvoton\Nano1X2Series\Source\system_Nano1X2Series.c 0x00000000   Number         0  system_nano1x2series.o ABSOLUTE
    ..\\..\\..\\Library\\Device\\Nuvoton\\Nano1X2Series\\Source\\system_Nano1X2Series.c 0x00000000   Number         0  system_nano1x2series.o ABSOLUTE
    FMC.c                                    0x00000000   Number         0  fmc.o ABSOLUTE
    FMC.c                                    0x00000000   Number         0  fmc.o ABSOLUTE
    Main.c                                   0x00000000   Number         0  main.o ABSOLUTE
    Main.c                                   0x00000000   Number         0  main.o ABSOLUTE
    W25Q32.c                                 0x00000000   Number         0  w25q32.o ABSOLUTE
    W25Q32.c                                 0x00000000   Number         0  w25q32.o ABSOLUTE
    handlers.s                               0x00000000   Number         0  handlers.o ABSOLUTE
    init.s                                   0x00000000   Number         0  init.o ABSOLUTE
    .ARM.Collect$$$$00000000                 0x000000c0   Section        0  entry.o(.ARM.Collect$$$$00000000)
    .ARM.Collect$$$$00000001                 0x000000c0   Section        4  entry2.o(.ARM.Collect$$$$00000001)
    .ARM.Collect$$$$00000004                 0x000000c4   Section        4  entry5.o(.ARM.Collect$$$$00000004)
    .ARM.Collect$$$$00000008                 0x000000c8   Section        0  entry7b.o(.ARM.Collect$$$$00000008)
    .ARM.Collect$$$$0000000A                 0x000000c8   Section        0  entry8b.o(.ARM.Collect$$$$0000000A)
    .ARM.Collect$$$$0000000B                 0x000000c8   Section        8  entry9a.o(.ARM.Collect$$$$0000000B)
    .ARM.Collect$$$$0000000D                 0x000000d0   Section        0  entry10a.o(.ARM.Collect$$$$0000000D)
    .ARM.Collect$$$$0000000F                 0x000000d0   Section        0  entry11a.o(.ARM.Collect$$$$0000000F)
    .ARM.Collect$$$$00002712                 0x000000d0   Section        4  entry2.o(.ARM.Collect$$$$00002712)
    __lit__00000000                          0x000000d0   Data           4  entry2.o(.ARM.Collect$$$$00002712)
    .text                                    0x000000d4   Section       84  startup_nano1x2series.o(.text)
    Default_Handler                          0x00000105   Thumb Code     2  startup_nano1x2series.o(.text)
    .text                                    0x00000128   Section       36  init.o(.text)
    i.BLE_sleep                              0x0000014c   Section        0  main.o(i.BLE_sleep)
    i.BLE_wakeup                             0x00000168   Section        0  main.o(i.BLE_wakeup)
    i.CLK_SysTickDelay                       0x00000190   Section        0  main.o(i.CLK_SysTickDelay)
    i.Checksum                               0x000001b4   Section        0  main.o(i.Checksum)
    Checksum                                 0x000001b5   Thumb Code    24  main.o(i.Checksum)
    i.EraseAP                                0x000001cc   Section        0  fmc.o(i.EraseAP)
    i.FMC_Erase                              0x000001f4   Section        0  fmc.o(i.FMC_Erase)
    i.FMC_Read                               0x0000021c   Section        0  fmc.o(i.FMC_Read)
    i.FMC_Read1                              0x00000248   Section        0  main.o(i.FMC_Read1)
    i.FMC_Write                              0x0000027c   Section        0  fmc.o(i.FMC_Write)
    i.GetDataFlashInfo                       0x000002a4   Section        0  fmc.o(i.GetDataFlashInfo)
    i.NVIC_SetPriority                       0x000002f8   Section        0  main.o(i.NVIC_SetPriority)
    NVIC_SetPriority                         0x000002f9   Thumb Code    60  main.o(i.NVIC_SetPriority)
    i.ParseCmd                               0x0000033c   Section        0  main.o(i.ParseCmd)
    ParseCmd                                 0x0000033d   Thumb Code   588  main.o(i.ParseCmd)
    i.PutString                              0x000005ac   Section        0  main.o(i.PutString)
    i.ReadData                               0x000005d8   Section        0  fmc.o(i.ReadData)
    i.SPI_SET_SS0_HIGH                       0x000005f4   Section        0  w25q32.o(i.SPI_SET_SS0_HIGH)
    SPI_SET_SS0_HIGH                         0x000005f5   Thumb Code    36  w25q32.o(i.SPI_SET_SS0_HIGH)
    i.SPI_SET_SS0_LOW                        0x00000618   Section        0  w25q32.o(i.SPI_SET_SS0_LOW)
    SPI_SET_SS0_LOW                          0x00000619   Thumb Code    36  w25q32.o(i.SPI_SET_SS0_LOW)
    i.SYS_Init                               0x0000063c   Section        0  main.o(i.SYS_Init)
    i.SpiFlash_NormalRead                    0x00000820   Section        0  w25q32.o(i.SpiFlash_NormalRead)
    i.SpiFlash_ReadStatusReg                 0x000008b0   Section        0  w25q32.o(i.SpiFlash_ReadStatusReg)
    i.SpiFlash_WaitReady_1                   0x000008dc   Section        0  w25q32.o(i.SpiFlash_WaitReady_1)
    i.SysTimerDelay                          0x000008ec   Section        0  main.o(i.SysTimerDelay)
    i.TMR0_IRQHandler                        0x0000090c   Section        0  main.o(i.TMR0_IRQHandler)
    i.TMR1_IRQHandler                        0x0000095c   Section        0  main.o(i.TMR1_IRQHandler)
    i.UART1_IRQHandler                       0x00000988   Section        0  main.o(i.UART1_IRQHandler)
    i.UpdateConfig                           0x00000a00   Section        0  fmc.o(i.UpdateConfig)
    i.WriteData                              0x00000a50   Section        0  fmc.o(i.WriteData)
    i.__ARM_common_switch8                   0x00000a6c   Section        0  main.o(i.__ARM_common_switch8)
    i.__scatterload_copy                     0x00000a86   Section       14  handlers.o(i.__scatterload_copy)
    i.__scatterload_null                     0x00000a94   Section        2  handlers.o(i.__scatterload_null)
    i.__scatterload_zeroinit                 0x00000a96   Section       14  handlers.o(i.__scatterload_zeroinit)
    i.bin_to_approm                          0x00000aa4   Section        0  main.o(i.bin_to_approm)
    i.ble_mode_cmd_m                         0x00000af0   Section        0  main.o(i.ble_mode_cmd_m)
    i.ble_ota_io_init                        0x00000bb0   Section        0  main.o(i.ble_ota_io_init)
    i.ble_ota_step_function                  0x00000c00   Section        0  main.o(i.ble_ota_step_function)
    i.calculate_aprom_checksum               0x00000c58   Section        0  main.o(i.calculate_aprom_checksum)
    i.main                                   0x00000cac   Section        0  main.o(i.main)
    i.spi_flash_erase                        0x00000e5c   Section        0  w25q32.o(i.spi_flash_erase)
    i.wait_cmd_m_ack                         0x00000eb8   Section        0  main.o(i.wait_cmd_m_ack)
    i.wait_meter_tyep_check                  0x00000ee4   Section        0  main.o(i.wait_meter_tyep_check)
    .data                                    0x20000000   Section        8  system_nano1x2series.o(.data)
    .data                                    0x20000008   Section      100  main.o(.data)
    g_UARTIRQ                                0x20000009   Data           1  main.o(.data)
    bufhead                                  0x2000000c   Data           1  main.o(.data)
    g_pUART                                  0x20000018   Data           4  main.o(.data)
    StartAddress                             0x20000020   Data           4  main.o(.data)
    StartAddress_bak                         0x20000024   Data           4  main.o(.data)
    TotalLen                                 0x20000028   Data           4  main.o(.data)
    TotalLen_bak                             0x2000002c   Data           4  main.o(.data)
    LastDataLen                              0x20000030   Data           4  main.o(.data)
    g_packno                                 0x20000034   Data           4  main.o(.data)
    gcmd                                     0x20000038   Data           4  main.o(.data)
    .bss                                     0x2000006c   Section      640  main.o(.bss)
    uart_rcvbuf                              0x2000006c   Data          64  main.o(.bss)
    uart_sendbuf                             0x200000ac   Data          64  main.o(.bss)
    aprom_buf                                0x200000ec   Data         512  main.o(.bss)
    STACK                                    0x200002f0   Section     1280  startup_nano1x2series.o(STACK)

    Global Symbols

    Symbol Name                              Value     Ov Type        Size  Object(Section)

    BuildAttributes$$THM_ISAv3M$S$PE$A:L22$X:L11$S22$IEEE1$IW$USESV6$~STKCKD$USESV7$~SHL$OSPACE$EBA8$MICROLIB$REQ8$PRES8$EABIv2 0x00000000   Number         0  anon$$obj.o ABSOLUTE
    __ARM_use_no_argv                        0x00000000   Number         0  main.o ABSOLUTE
    __Vectors                                0x00000000   Data           4  startup_nano1x2series.o(RESET)
    __cpp_initialize__aeabi_                  - Undefined Weak Reference
    __cxa_finalize                            - Undefined Weak Reference
    __decompress                              - Undefined Weak Reference
    _clock_init                               - Undefined Weak Reference
    _microlib_exit                            - Undefined Weak Reference
    __main                                   0x000000c1   Thumb Code     0  entry.o(.ARM.Collect$$$$00000000)
    _main_stk                                0x000000c1   Thumb Code     0  entry2.o(.ARM.Collect$$$$00000001)
    _main_scatterload                        0x000000c5   Thumb Code     0  entry5.o(.ARM.Collect$$$$00000004)
    __main_after_scatterload                 0x000000c9   Thumb Code     0  entry5.o(.ARM.Collect$$$$00000004)
    _main_clock                              0x000000c9   Thumb Code     0  entry7b.o(.ARM.Collect$$$$00000008)
    _main_cpp_init                           0x000000c9   Thumb Code     0  entry8b.o(.ARM.Collect$$$$0000000A)
    _main_init                               0x000000c9   Thumb Code     0  entry9a.o(.ARM.Collect$$$$0000000B)
    __rt_final_cpp                           0x000000d1   Thumb Code     0  entry10a.o(.ARM.Collect$$$$0000000D)
    __rt_final_exit                          0x000000d1   Thumb Code     0  entry11a.o(.ARM.Collect$$$$0000000F)
    Reset_Handler                            0x000000d5   Thumb Code    38  startup_nano1x2series.o(.text)
    NMI_Handler                              0x000000fb   Thumb Code     2  startup_nano1x2series.o(.text)
    HardFault_Handler                        0x000000fd   Thumb Code     2  startup_nano1x2series.o(.text)
    SVC_Handler                              0x000000ff   Thumb Code     2  startup_nano1x2series.o(.text)
    PendSV_Handler                           0x00000101   Thumb Code     2  startup_nano1x2series.o(.text)
    SysTick_Handler                          0x00000103   Thumb Code     2  startup_nano1x2series.o(.text)
    ACMP_IRQHandler                          0x00000105   Thumb Code     0  startup_nano1x2series.o(.text)
    ADC_IRQHandler                           0x00000105   Thumb Code     0  startup_nano1x2series.o(.text)
    BOD_IRQHandler                           0x00000105   Thumb Code     0  startup_nano1x2series.o(.text)
    EINT0_IRQHandler                         0x00000105   Thumb Code     0  startup_nano1x2series.o(.text)
    EINT1_IRQHandler                         0x00000105   Thumb Code     0  startup_nano1x2series.o(.text)
    GPABC_IRQHandler                         0x00000105   Thumb Code     0  startup_nano1x2series.o(.text)
    GPDEF_IRQHandler                         0x00000105   Thumb Code     0  startup_nano1x2series.o(.text)
    HIRC_IRQHandler                          0x00000105   Thumb Code     0  startup_nano1x2series.o(.text)
    I2C0_IRQHandler                          0x00000105   Thumb Code     0  startup_nano1x2series.o(.text)
    I2C1_IRQHandler                          0x00000105   Thumb Code     0  startup_nano1x2series.o(.text)
    LCD_IRQHandler                           0x00000105   Thumb Code     0  startup_nano1x2series.o(.text)
    PDMA_IRQHandler                          0x00000105   Thumb Code     0  startup_nano1x2series.o(.text)
    PDWU_IRQHandler                          0x00000105   Thumb Code     0  startup_nano1x2series.o(.text)
    PWM0_IRQHandler                          0x00000105   Thumb Code     0  startup_nano1x2series.o(.text)
    PWM1_IRQHandler                          0x00000105   Thumb Code     0  startup_nano1x2series.o(.text)
    RTC_IRQHandler                           0x00000105   Thumb Code     0  startup_nano1x2series.o(.text)
    SC0_IRQHandler                           0x00000105   Thumb Code     0  startup_nano1x2series.o(.text)
    SC1_IRQHandler                           0x00000105   Thumb Code     0  startup_nano1x2series.o(.text)
    SPI0_IRQHandler                          0x00000105   Thumb Code     0  startup_nano1x2series.o(.text)
    SPI1_IRQHandler                          0x00000105   Thumb Code     0  startup_nano1x2series.o(.text)
    TMR2_IRQHandler                          0x00000105   Thumb Code     0  startup_nano1x2series.o(.text)
    TMR3_IRQHandler                          0x00000105   Thumb Code     0  startup_nano1x2series.o(.text)
    UART0_IRQHandler                         0x00000105   Thumb Code     0  startup_nano1x2series.o(.text)
    WDT_IRQHandler                           0x00000105   Thumb Code     0  startup_nano1x2series.o(.text)
    __scatterload                            0x00000129   Thumb Code    28  init.o(.text)
    __scatterload_rt2                        0x00000129   Thumb Code     0  init.o(.text)
    BLE_sleep                                0x0000014d   Thumb Code    20  main.o(i.BLE_sleep)
    BLE_wakeup                               0x00000169   Thumb Code    32  main.o(i.BLE_wakeup)
    CLK_SysTickDelay                         0x00000191   Thumb Code    26  main.o(i.CLK_SysTickDelay)
    EraseAP                                  0x000001cd   Thumb Code    36  fmc.o(i.EraseAP)
    FMC_Erase                                0x000001f5   Thumb Code    34  fmc.o(i.FMC_Erase)
    FMC_Read                                 0x0000021d   Thumb Code    40  fmc.o(i.FMC_Read)
    FMC_Read1                                0x00000249   Thumb Code    42  main.o(i.FMC_Read1)
    FMC_Write                                0x0000027d   Thumb Code    36  fmc.o(i.FMC_Write)
    GetDataFlashInfo                         0x000002a5   Thumb Code    76  fmc.o(i.GetDataFlashInfo)
    PutString                                0x000005ad   Thumb Code    34  main.o(i.PutString)
    ReadData                                 0x000005d9   Thumb Code    28  fmc.o(i.ReadData)
    SYS_Init                                 0x0000063d   Thumb Code   378  main.o(i.SYS_Init)
    SpiFlash_NormalRead                      0x00000821   Thumb Code   138  w25q32.o(i.SpiFlash_NormalRead)
    SpiFlash_ReadStatusReg                   0x000008b1   Thumb Code    40  w25q32.o(i.SpiFlash_ReadStatusReg)
    SpiFlash_WaitReady_1                     0x000008dd   Thumb Code    14  w25q32.o(i.SpiFlash_WaitReady_1)
    SysTimerDelay                            0x000008ed   Thumb Code    26  main.o(i.SysTimerDelay)
    TMR0_IRQHandler                          0x0000090d   Thumb Code    64  main.o(i.TMR0_IRQHandler)
    TMR1_IRQHandler                          0x0000095d   Thumb Code    32  main.o(i.TMR1_IRQHandler)
    UART1_IRQHandler                         0x00000989   Thumb Code   110  main.o(i.UART1_IRQHandler)
    UpdateConfig                             0x00000a01   Thumb Code    70  fmc.o(i.UpdateConfig)
    WriteData                                0x00000a51   Thumb Code    28  fmc.o(i.WriteData)
    __ARM_common_switch8                     0x00000a6d   Thumb Code    26  main.o(i.__ARM_common_switch8)
    __scatterload_copy                       0x00000a87   Thumb Code    14  handlers.o(i.__scatterload_copy)
    __scatterload_null                       0x00000a95   Thumb Code     2  handlers.o(i.__scatterload_null)
    __scatterload_zeroinit                   0x00000a97   Thumb Code    14  handlers.o(i.__scatterload_zeroinit)
    bin_to_approm                            0x00000aa5   Thumb Code    76  main.o(i.bin_to_approm)
    ble_mode_cmd_m                           0x00000af1   Thumb Code   178  main.o(i.ble_mode_cmd_m)
    ble_ota_io_init                          0x00000bb1   Thumb Code    54  main.o(i.ble_ota_io_init)
    ble_ota_step_function                    0x00000c01   Thumb Code    82  main.o(i.ble_ota_step_function)
    calculate_aprom_checksum                 0x00000c59   Thumb Code    84  main.o(i.calculate_aprom_checksum)
    main                                     0x00000cad   Thumb Code   396  main.o(i.main)
    spi_flash_erase                          0x00000e5d   Thumb Code    86  w25q32.o(i.spi_flash_erase)
    wait_cmd_m_ack                           0x00000eb9   Thumb Code    32  main.o(i.wait_cmd_m_ack)
    wait_meter_tyep_check                    0x00000ee5   Thumb Code   120  main.o(i.wait_meter_tyep_check)
    Region$$Table$$Base                      0x00000f64   Number         0  anon$$obj.o(Region$$Table)
    Region$$Table$$Limit                     0x00000f84   Number         0  anon$$obj.o(Region$$Table)
    SystemCoreClock                          0x20000000   Data           4  system_nano1x2series.o(.data)
    CyclesPerUs                              0x20000004   Data           4  system_nano1x2series.o(.data)
    start_chk                                0x20000008   Data           1  main.o(.data)
    ble_ota_step                             0x2000000a   Data           1  main.o(.data)
    approm_update                            0x2000000b   Data           1  main.o(.data)
    ble_ota_cmd_retry_cnt                    0x2000000d   Data           1  main.o(.data)
    timer0_cnt                               0x2000000e   Data           2  main.o(.data)
    timer0_start                             0x20000010   Data           2  main.o(.data)
    timer0_cnt1                              0x20000012   Data           2  main.o(.data)
    led_tt                                   0x20000014   Data           2  main.o(.data)
    led_mode                                 0x20000016   Data           2  main.o(.data)
    test_key                                 0x2000001c   Data           4  main.o(.data)
    bUartDataReady                           0x2000003c   Data           4  main.o(.data)
    bUpdateApromCmd                          0x20000040   Data           4  main.o(.data)
    g_apromSize                              0x20000044   Data           4  main.o(.data)
    g_dataFlashAddr                          0x20000048   Data           4  main.o(.data)
    g_dataFlashSize                          0x2000004c   Data           4  main.o(.data)
    g_pdid                                   0x20000050   Data           4  main.o(.data)
    g_timecnt                                0x20000054   Data           4  main.o(.data)
    lcmd_reg                                 0x20000058   Data           4  main.o(.data)
    fmc_data                                 0x2000005c   Data           4  main.o(.data)
    calculate_approm                         0x20000060   Data           4  main.o(.data)
    get_approm_checksum                      0x20000064   Data           4  main.o(.data)
    ota_upate                                0x20000068   Data           4  main.o(.data)
    __initial_sp                             0x200007f0   Data           0  startup_nano1x2series.o(STACK)



==============================================================================

Memory Map of the image

  Image Entry point : 0x000000d5

  Load Region LR_1 (Base: 0x00000000, Size: 0x00000ff0, Max: 0xffffffff, ABSOLUTE)

    Execution Region ER_RO (Exec base: 0x00000000, Load base: 0x00000000, Size: 0x00000f84, Max: 0xffffffff, ABSOLUTE)

    Exec Addr    Load Addr    Size         Type   Attr      Idx    E Section Name        Object

    0x00000000   0x00000000   0x000000c0   Data   RO           65    RESET               startup_nano1x2series.o
    0x000000c0   0x000000c0   0x00000000   Code   RO          390  * .ARM.Collect$$$$00000000  mc_p.l(entry.o)
    0x000000c0   0x000000c0   0x00000004   Code   RO          393    .ARM.Collect$$$$00000001  mc_p.l(entry2.o)
    0x000000c4   0x000000c4   0x00000004   Code   RO          396    .ARM.Collect$$$$00000004  mc_p.l(entry5.o)
    0x000000c8   0x000000c8   0x00000000   Code   RO          398    .ARM.Collect$$$$00000008  mc_p.l(entry7b.o)
    0x000000c8   0x000000c8   0x00000000   Code   RO          400    .ARM.Collect$$$$0000000A  mc_p.l(entry8b.o)
    0x000000c8   0x000000c8   0x00000008   Code   RO          401    .ARM.Collect$$$$0000000B  mc_p.l(entry9a.o)
    0x000000d0   0x000000d0   0x00000000   Code   RO          403    .ARM.Collect$$$$0000000D  mc_p.l(entry10a.o)
    0x000000d0   0x000000d0   0x00000000   Code   RO          405    .ARM.Collect$$$$0000000F  mc_p.l(entry11a.o)
    0x000000d0   0x000000d0   0x00000004   Code   RO          394    .ARM.Collect$$$$00002712  mc_p.l(entry2.o)
    0x000000d4   0x000000d4   0x00000054   Code   RO           66  * .text               startup_nano1x2series.o
    0x00000128   0x00000128   0x00000024   Code   RO          407    .text               mc_p.l(init.o)
    0x0000014c   0x0000014c   0x0000001c   Code   RO           72    i.BLE_sleep         main.o
    0x00000168   0x00000168   0x00000028   Code   RO           73    i.BLE_wakeup        main.o
    0x00000190   0x00000190   0x00000024   Code   RO           74    i.CLK_SysTickDelay  main.o
    0x000001b4   0x000001b4   0x00000018   Code   RO           75    i.Checksum          main.o
    0x000001cc   0x000001cc   0x00000028   Code   RO          249    i.EraseAP           fmc.o
    0x000001f4   0x000001f4   0x00000028   Code   RO          250    i.FMC_Erase         fmc.o
    0x0000021c   0x0000021c   0x0000002c   Code   RO          251    i.FMC_Read          fmc.o
    0x00000248   0x00000248   0x00000034   Code   RO           76    i.FMC_Read1         main.o
    0x0000027c   0x0000027c   0x00000028   Code   RO          252    i.FMC_Write         fmc.o
    0x000002a4   0x000002a4   0x00000054   Code   RO          253    i.GetDataFlashInfo  fmc.o
    0x000002f8   0x000002f8   0x00000044   Code   RO           77    i.NVIC_SetPriority  main.o
    0x0000033c   0x0000033c   0x00000270   Code   RO           78    i.ParseCmd          main.o
    0x000005ac   0x000005ac   0x0000002c   Code   RO           79    i.PutString         main.o
    0x000005d8   0x000005d8   0x0000001c   Code   RO          254    i.ReadData          fmc.o
    0x000005f4   0x000005f4   0x00000024   Code   RO          319    i.SPI_SET_SS0_HIGH  w25q32.o
    0x00000618   0x00000618   0x00000024   Code   RO          320    i.SPI_SET_SS0_LOW   w25q32.o
    0x0000063c   0x0000063c   0x000001e4   Code   RO           80    i.SYS_Init          main.o
    0x00000820   0x00000820   0x00000090   Code   RO          323    i.SpiFlash_NormalRead  w25q32.o
    0x000008b0   0x000008b0   0x0000002c   Code   RO          325    i.SpiFlash_ReadStatusReg  w25q32.o
    0x000008dc   0x000008dc   0x0000000e   Code   RO          326    i.SpiFlash_WaitReady_1  w25q32.o
    0x000008ea   0x000008ea   0x00000002   PAD
    0x000008ec   0x000008ec   0x00000020   Code   RO           81    i.SysTimerDelay     main.o
    0x0000090c   0x0000090c   0x00000050   Code   RO           82    i.TMR0_IRQHandler   main.o
    0x0000095c   0x0000095c   0x0000002c   Code   RO           83    i.TMR1_IRQHandler   main.o
    0x00000988   0x00000988   0x00000078   Code   RO           84    i.UART1_IRQHandler  main.o
    0x00000a00   0x00000a00   0x00000050   Code   RO          255    i.UpdateConfig      fmc.o
    0x00000a50   0x00000a50   0x0000001c   Code   RO          256    i.WriteData         fmc.o
    0x00000a6c   0x00000a6c   0x0000001a   Code   RO          216    i.__ARM_common_switch8  main.o
    0x00000a86   0x00000a86   0x0000000e   Code   RO          411    i.__scatterload_copy  mc_p.l(handlers.o)
    0x00000a94   0x00000a94   0x00000002   Code   RO          412    i.__scatterload_null  mc_p.l(handlers.o)
    0x00000a96   0x00000a96   0x0000000e   Code   RO          413    i.__scatterload_zeroinit  mc_p.l(handlers.o)
    0x00000aa4   0x00000aa4   0x0000004c   Code   RO           85    i.bin_to_approm     main.o
    0x00000af0   0x00000af0   0x000000c0   Code   RO           86    i.ble_mode_cmd_m    main.o
    0x00000bb0   0x00000bb0   0x00000050   Code   RO           87    i.ble_ota_io_init   main.o
    0x00000c00   0x00000c00   0x00000058   Code   RO           88    i.ble_ota_step_function  main.o
    0x00000c58   0x00000c58   0x00000054   Code   RO           89    i.calculate_aprom_checksum  main.o
    0x00000cac   0x00000cac   0x000001b0   Code   RO           91    i.main              main.o
    0x00000e5c   0x00000e5c   0x0000005c   Code   RO          327    i.spi_flash_erase   w25q32.o
    0x00000eb8   0x00000eb8   0x0000002c   Code   RO           92    i.wait_cmd_m_ack    main.o
    0x00000ee4   0x00000ee4   0x00000080   Code   RO           93    i.wait_meter_tyep_check  main.o
    0x00000f64   0x00000f64   0x00000020   Data   RO          409    Region$$Table       anon$$obj.o


    Execution Region ER_RW (Exec base: 0x20000000, Load base: 0x00000f84, Size: 0x0000006c, Max: 0xffffffff, ABSOLUTE)

    Exec Addr    Load Addr    Size         Type   Attr      Idx    E Section Name        Object

    0x20000000   0x00000f84   0x00000008   Data   RW            6    .data               system_nano1x2series.o
    0x20000008   0x00000f8c   0x00000064   Data   RW           95    .data               main.o


    Execution Region ER_ZI (Exec base: 0x2000006c, Load base: 0x00000ff0, Size: 0x00000784, Max: 0xffffffff, ABSOLUTE)

    Exec Addr    Load Addr    Size         Type   Attr      Idx    E Section Name        Object

    0x2000006c        -       0x00000280   Zero   RW           94    .bss                main.o
    0x200002ec   0x00000ff0   0x00000004   PAD
    0x200002f0        -       0x00000500   Zero   RW           63    STACK               startup_nano1x2series.o


==============================================================================

Image component sizes


      Code (inc. data)   RO Data    RW Data    ZI Data      Debug   Object Name

       384         36          0          0          0       5370   fmc.o
      2826        350          0        100        640     111168   main.o
        84         34        192          0       1280        756   startup_nano1x2series.o
         0          0          0          8          0       4898   system_nano1x2series.o
       366         16          0          0          0       7520   w25q32.o

    ----------------------------------------------------------------------
      3662        436        224        108       1924     129712   Object Totals
         0          0         32          0          0          0   (incl. Generated)
         2          0          0          0          4          0   (incl. Padding)

    ----------------------------------------------------------------------

      Code (inc. data)   RO Data    RW Data    ZI Data      Debug   Library Member Name

         0          0          0          0          0          0   entry.o
         0          0          0          0          0          0   entry10a.o
         0          0          0          0          0          0   entry11a.o
         8          4          0          0          0          0   entry2.o
         4          0          0          0          0          0   entry5.o
         0          0          0          0          0          0   entry7b.o
         0          0          0          0          0          0   entry8b.o
         8          4          0          0          0          0   entry9a.o
        30          0          0          0          0          0   handlers.o
        36          8          0          0          0         68   init.o

    ----------------------------------------------------------------------
        86         16          0          0          0         68   Library Totals
         0          0          0          0          0          0   (incl. Padding)

    ----------------------------------------------------------------------

      Code (inc. data)   RO Data    RW Data    ZI Data      Debug   Library Name

        86         16          0          0          0         68   mc_p.l

    ----------------------------------------------------------------------
        86         16          0          0          0         68   Library Totals

    ----------------------------------------------------------------------

==============================================================================


      Code (inc. data)   RO Data    RW Data    ZI Data      Debug   

      3748        452        224        108       1924     128568   Grand Totals
      3748        452        224        108       1924     128568   ELF Image Totals
      3748        452        224        108          0          0   ROM Totals

==============================================================================

    Total RO  Size (Code + RO Data)                 3972 (   3.88kB)
    Total RW  Size (RW Data + ZI Data)              2032 (   1.98kB)
    Total ROM Size (Code + RO Data + RW Data)       4080 (   3.98kB)

==============================================================================

