


ARM Macro Assembler    Page 1 


    1 00000000         ;/******************************************************
                       ************************
    2 00000000         ; * @file     startup_Nano1X2Series.s
    3 00000000         ; * @version  V1.00
    4 00000000         ; * $Revision: 3 $
    5 00000000         ; * $Date: 13/10/28 2:30p $ 
    6 00000000         ; * @brief    CMSIS ARM Cortex-M0 Core Device Startup Fi
                       le
    7 00000000         ; *
    8 00000000         ; * @note
    9 00000000         ; * Copyright (C) 2013 Nuvoton Technology Corp. All righ
                       ts reserved.
   10 00000000         ;*******************************************************
                       **********************/  
   11 00000000         
   12 00000000         ; <h> Stack Configuration
   13 00000000         ;   <o> Stack Size (in Bytes) <0x0-0xFFFFFFFF:8>
   14 00000000         ; </h>
   15 00000000         
   16 00000000 00000500 
                       Stack_Size
                               EQU              0x00000500
   17 00000000         
   18 00000000                 AREA             STACK, NOINIT, READWRITE, ALIGN
=3
   19 00000000         Stack_Mem
                               SPACE            Stack_Size
   20 00000500         __initial_sp
   21 00000500         
   22 00000500         
   23 00000500         ; <h> Heap Configuration
   24 00000500         ;   <o>  Heap Size (in Bytes) <0x0-0xFFFFFFFF:8>
   25 00000500         ; </h>
   26 00000500         
   27 00000500 00000200 
                       Heap_Size
                               EQU              0x00000200
   28 00000500         
   29 00000500                 AREA             HEAP, NOINIT, READWRITE, ALIGN=
3
   30 00000000         __heap_base
   31 00000000         Heap_Mem
                               SPACE            Heap_Size
   32 00000200         __heap_limit
   33 00000200         
   34 00000200         
   35 00000200                 PRESERVE8
   36 00000200                 THUMB
   37 00000200         
   38 00000200         
   39 00000200         ; Vector Table Mapped to Address 0 at Reset
   40 00000200         
   41 00000200                 AREA             RESET, DATA, READONLY
   42 00000000                 EXPORT           __Vectors
   43 00000000         
   44 00000000 00000000 
                       __Vectors
                               DCD              __initial_sp ; Top of Stack
   45 00000004 00000000        DCD              Reset_Handler ; Reset Handler



ARM Macro Assembler    Page 2 


   46 00000008 00000000        DCD              NMI_Handler ; NMI Handler
   47 0000000C 00000000        DCD              HardFault_Handler ; Hard Fault 
                                                            Handler
   48 00000010 00000000        DCD              0           ; Reserved
   49 00000014 00000000        DCD              0           ; Reserved
   50 00000018 00000000        DCD              0           ; Reserved
   51 0000001C 00000000        DCD              0           ; Reserved
   52 00000020 00000000        DCD              0           ; Reserved
   53 00000024 00000000        DCD              0           ; Reserved
   54 00000028 00000000        DCD              0           ; Reserved
   55 0000002C 00000000        DCD              SVC_Handler ; SVCall Handler
   56 00000030 00000000        DCD              0           ; Reserved
   57 00000034 00000000        DCD              0           ; Reserved
   58 00000038 00000000        DCD              PendSV_Handler ; PendSV Handler
                                                            
   59 0000003C 00000000        DCD              SysTick_Handler 
                                                            ; SysTick Handler
   60 00000040         
   61 00000040         ; External Interrupts
   62 00000040 00000000        DCD              BOD_IRQHandler ; Brownout low v
                                                            oltage detected int
                                                            errupt  
   63 00000044 00000000        DCD              WDT_IRQHandler ; Watch Dog Time
                                                            r interrupt  
   64 00000048 00000000        DCD              EINT0_IRQHandler ; External sig
                                                            nal interrupt from 
                                                            PB.14 pin
   65 0000004C 00000000        DCD              EINT1_IRQHandler ; External sig
                                                            nal interrupt from 
                                                            PB.15 pin
   66 00000050 00000000        DCD              GPABC_IRQHandler ; External int
                                                            errupt from PA[15:0
                                                            ]/PB[15:0]/PC[15:0]
                                                              
   67 00000054 00000000        DCD              GPDEF_IRQHandler ; External int
                                                            errupt from PD[15:0
                                                            ]/PE[15:0]/PF[7:0]
   68 00000058 00000000        DCD              PWM0_IRQHandler 
                                                            ; PWM 0 interrupt 
   69 0000005C 00000000        DCD              PWM1_IRQHandler 
                                                            ; PWM 1 interrupt  
                                                            
   70 00000060 00000000        DCD              TMR0_IRQHandler 
                                                            ; Timer 0 interrupt
                                                            
   71 00000064 00000000        DCD              TMR1_IRQHandler ; Timer 1 inter
                                                            rupt  
   72 00000068 00000000        DCD              TMR2_IRQHandler ; Timer 2 inter
                                                            rupt 
   73 0000006C 00000000        DCD              TMR3_IRQHandler ; Timer 3 inter
                                                            rupt 
   74 00000070 00000000        DCD              UART0_IRQHandler 
                                                            ; UART0 interrupt
   75 00000074 00000000        DCD              UART1_IRQHandler 
                                                            ; UART1 interrupt
   76 00000078 00000000        DCD              SPI0_IRQHandler 
                                                            ; SPI0 interrupt 
   77 0000007C 00000000        DCD              SPI1_IRQHandler 
                                                            ; SPI1 interrupt 



ARM Macro Assembler    Page 3 


   78 00000080 00000000        DCD              Default_Handler ; Reserved 
   79 00000084 00000000        DCD              HIRC_IRQHandler 
                                                            ; HIRC interrupt 
   80 00000088 00000000        DCD              I2C0_IRQHandler 
                                                            ; I2C0 interrupt 
   81 0000008C 00000000        DCD              I2C1_IRQHandler 
                                                            ; I2C1 interrupt 
   82 00000090 00000000        DCD              Default_Handler ; Reserved
   83 00000094 00000000        DCD              SC0_IRQHandler ; SC0 interrupt
   84 00000098 00000000        DCD              SC1_IRQHandler ; SC1 interrupt
   85 0000009C 00000000        DCD              ACMP_IRQHandler 
                                                            ; ACMP interrupt 
   86 000000A0 00000000        DCD              Default_Handler ; Reserved 
   87 000000A4 00000000        DCD              LCD_IRQHandler ; LCD interrupt 
                                                            
   88 000000A8 00000000        DCD              PDMA_IRQHandler 
                                                            ; PDMA interrupt
   89 000000AC 00000000        DCD              Default_Handler ; Reserved
   90 000000B0 00000000        DCD              PDWU_IRQHandler ; Power Down Wa
                                                            ke up interrupt
   91 000000B4 00000000        DCD              ADC_IRQHandler ; ADC interrupt
   92 000000B8 00000000        DCD              Default_Handler ; Reserved
   93 000000BC 00000000        DCD              RTC_IRQHandler ; Real time cloc
                                                            k interrupt
   94 000000C0                 AREA             |.text|, CODE, READONLY
   95 00000000         
   96 00000000         
   97 00000000         ; Reset Handler
   98 00000000         
   99 00000000         Reset_Handler
                               PROC
  100 00000000                 EXPORT           Reset_Handler             [WEAK
]
  101 00000000                 IMPORT           __main
  102 00000000         ; Unlock Register
  103 00000000 480C            LDR              R0, =0x50000100
  104 00000002 490D            LDR              R1, =0x59
  105 00000004 6001            STR              R1, [R0]
  106 00000006 490D            LDR              R1, =0x16
  107 00000008 6001            STR              R1, [R0]
  108 0000000A 490D            LDR              R1, =0x88
  109 0000000C 6001            STR              R1, [R0]
  110 0000000E         
  111 0000000E         ; Init POR
  112 0000000E 4A0D            LDR              R2, =0x50000060
  113 00000010 490D            LDR              R1, =0x00005AA5
  114 00000012 6011            STR              R1, [R2]
  115 00000014         
  116 00000014         ; Disable
  117 00000014 4A0D            LDR              R2, =0x5000C018
  118 00000016 6811            LDR              R1, [R2]
  119 00000018 2380            MOVS             R3, #0x80
  120 0000001A 4319            ORRS             R1, R1, R3
  121 0000001C 6011            STR              R1, [R2]
  122 0000001E         
  123 0000001E         
  124 0000001E         ; Lock register
  125 0000001E 2100            MOVS             R1, #0
  126 00000020 6001            STR              R1, [R0]



ARM Macro Assembler    Page 4 


  127 00000022         
  128 00000022 480B            LDR              R0, =__main
  129 00000024 4700            BX               R0
  130 00000026                 ENDP
  131 00000026         
  132 00000026         
  133 00000026         ; Dummy Exception Handlers (infinite loops which can be 
                       modified)                
  134 00000026         
  135 00000026         NMI_Handler
                               PROC
  136 00000026                 EXPORT           NMI_Handler               [WEAK
]
  137 00000026 E7FE            B                .
  138 00000028                 ENDP
  140 00000028         HardFault_Handler
                               PROC
  141 00000028                 EXPORT           HardFault_Handler         [WEAK
]
  142 00000028                 IF               :DEF:DEBUG_ENABLE_SEMIHOST
  162                          ENDIF
  163 00000028         
  164 00000028 E7FE            B                .
  165 0000002A                 ENDP
  166 0000002A         SVC_Handler
                               PROC
  167 0000002A                 EXPORT           SVC_Handler               [WEAK
]
  168 0000002A E7FE            B                .
  169 0000002C                 ENDP
  170 0000002C         PendSV_Handler
                               PROC
  171 0000002C                 EXPORT           PendSV_Handler            [WEAK
]
  172 0000002C E7FE            B                .
  173 0000002E                 ENDP
  174 0000002E         SysTick_Handler
                               PROC
  175 0000002E                 EXPORT           SysTick_Handler           [WEAK
]
  176 0000002E E7FE            B                .
  177 00000030                 ENDP
  178 00000030         
  179 00000030         Default_Handler
                               PROC
  180 00000030         
  181 00000030                 EXPORT           BOD_IRQHandler            [WEAK
]
  182 00000030                 EXPORT           WDT_IRQHandler            [WEAK
]
  183 00000030                 EXPORT           EINT0_IRQHandler          [WEAK
]
  184 00000030                 EXPORT           EINT1_IRQHandler          [WEAK
]
  185 00000030                 EXPORT           GPABC_IRQHandler          [WEAK
]
  186 00000030                 EXPORT           GPDEF_IRQHandler          [WEAK
]
  187 00000030                 EXPORT           PWM0_IRQHandler           [WEAK



ARM Macro Assembler    Page 5 


]
  188 00000030                 EXPORT           PWM1_IRQHandler           [WEAK
]
  189 00000030                 EXPORT           TMR0_IRQHandler           [WEAK
]
  190 00000030                 EXPORT           TMR1_IRQHandler           [WEAK
]
  191 00000030                 EXPORT           TMR2_IRQHandler           [WEAK
]
  192 00000030                 EXPORT           TMR3_IRQHandler           [WEAK
]
  193 00000030                 EXPORT           UART0_IRQHandler          [WEAK
]
  194 00000030                 EXPORT           UART1_IRQHandler          [WEAK
]
  195 00000030                 EXPORT           SPI0_IRQHandler           [WEAK
]
  196 00000030                 EXPORT           SPI1_IRQHandler           [WEAK
]
  197 00000030                 EXPORT           HIRC_IRQHandler           [WEAK
]
  198 00000030                 EXPORT           I2C0_IRQHandler           [WEAK
]
  199 00000030                 EXPORT           I2C1_IRQHandler           [WEAK
]
  200 00000030                 EXPORT           SC0_IRQHandler            [WEAK
]
  201 00000030                 EXPORT           SC1_IRQHandler            [WEAK
]
  202 00000030                 EXPORT           LCD_IRQHandler            [WEAK
]
  203 00000030                 EXPORT           PDMA_IRQHandler           [WEAK
]
  204 00000030                 EXPORT           PDWU_IRQHandler           [WEAK
]
  205 00000030                 EXPORT           ADC_IRQHandler            [WEAK
]
  206 00000030                 EXPORT           ACMP_IRQHandler           [WEAK
]
  207 00000030                 EXPORT           RTC_IRQHandler            [WEAK
]
  208 00000030         
  209 00000030         BOD_IRQHandler
  210 00000030         WDT_IRQHandler
  211 00000030         EINT0_IRQHandler
  212 00000030         EINT1_IRQHandler
  213 00000030         GPABC_IRQHandler
  214 00000030         GPDEF_IRQHandler
  215 00000030         PWM0_IRQHandler
  216 00000030         PWM1_IRQHandler
  217 00000030         TMR0_IRQHandler
  218 00000030         TMR1_IRQHandler
  219 00000030         TMR2_IRQHandler
  220 00000030         TMR3_IRQHandler
  221 00000030         UART0_IRQHandler
  222 00000030         UART1_IRQHandler
  223 00000030         SPI0_IRQHandler
  224 00000030         SPI1_IRQHandler
  225 00000030         HIRC_IRQHandler



ARM Macro Assembler    Page 6 


  226 00000030         I2C0_IRQHandler
  227 00000030         I2C1_IRQHandler
  228 00000030         SC0_IRQHandler
  229 00000030         SC1_IRQHandler
  230 00000030         LCD_IRQHandler
  231 00000030         PDMA_IRQHandler
  232 00000030         PDWU_IRQHandler
  233 00000030         ADC_IRQHandler
  234 00000030         ACMP_IRQHandler
  235 00000030         RTC_IRQHandler
  236 00000030         
  237 00000030 E7FE            B                .
  238 00000032         
  239 00000032                 ENDP
  240 00000032         
  241 00000032         
  242 00000032 00 00           ALIGN
  243 00000034         
  244 00000034         
  245 00000034         ; User Initial Stack & Heap
  246 00000034         
  247 00000034                 IF               :DEF:__MICROLIB
  248 00000034         
  249 00000034                 EXPORT           __initial_sp
  250 00000034                 EXPORT           __heap_base
  251 00000034                 EXPORT           __heap_limit
  252 00000034         
  253 00000034                 ELSE
  267                          ENDIF
  268 00000034         
  269 00000034                 IF               :DEF:DEBUG_ENABLE_SEMIHOST
  302                          ENDIF
  303 00000034         
  304 00000034         
  305 00000034         
  306 00000034                 END
              50000100 
              00000059 
              00000016 
              00000088 
              50000060 
              00005AA5 
              5000C018 
              00000000 
Command Line: --16 --debug --xref --diag_suppress=9931 --cpu=Cortex-M0 --apcs=i
nterwork --depend=.\obj\startup_nano1x2series.d -o.\obj\startup_nano1x2series.o
 -IC:\Keil_v5\ARM\RV31\INC -IC:\Keil_v5\ARM\CMSIS\Include --predefine="__EVAL S
ETA 1" --predefine="__MICROLIB SETA 1" --predefine="__UVISION_VERSION SETA 543"
 --list=.\lst\startup_nano1x2series.lst ..\..\..\Library\Device\Nuvoton\Nano1X2
Series\Source\ARM\startup_Nano1X2Series.s



ARM Macro Assembler    Page 1 Alphabetic symbol ordering
Relocatable symbols

STACK 00000000

Symbol: STACK
   Definitions
      At line 18 in file ..\..\..\Library\Device\Nuvoton\Nano1X2Series\Source\A
RM\startup_Nano1X2Series.s
   Uses
      None
Comment: STACK unused
Stack_Mem 00000000

Symbol: Stack_Mem
   Definitions
      At line 19 in file ..\..\..\Library\Device\Nuvoton\Nano1X2Series\Source\A
RM\startup_Nano1X2Series.s
   Uses
      None
Comment: Stack_Mem unused
__initial_sp 00000500

Symbol: __initial_sp
   Definitions
      At line 20 in file ..\..\..\Library\Device\Nuvoton\Nano1X2Series\Source\A
RM\startup_Nano1X2Series.s
   Uses
      At line 44 in file ..\..\..\Library\Device\Nuvoton\Nano1X2Series\Source\A
RM\startup_Nano1X2Series.s
      At line 249 in file ..\..\..\Library\Device\Nuvoton\Nano1X2Series\Source\
ARM\startup_Nano1X2Series.s

3 symbols



ARM Macro Assembler    Page 1 Alphabetic symbol ordering
Relocatable symbols

HEAP 00000000

Symbol: HEAP
   Definitions
      At line 29 in file ..\..\..\Library\Device\Nuvoton\Nano1X2Series\Source\A
RM\startup_Nano1X2Series.s
   Uses
      None
Comment: HEAP unused
Heap_Mem 00000000

Symbol: Heap_Mem
   Definitions
      At line 31 in file ..\..\..\Library\Device\Nuvoton\Nano1X2Series\Source\A
RM\startup_Nano1X2Series.s
   Uses
      None
Comment: Heap_Mem unused
__heap_base 00000000

Symbol: __heap_base
   Definitions
      At line 30 in file ..\..\..\Library\Device\Nuvoton\Nano1X2Series\Source\A
RM\startup_Nano1X2Series.s
   Uses
      At line 250 in file ..\..\..\Library\Device\Nuvoton\Nano1X2Series\Source\
ARM\startup_Nano1X2Series.s
Comment: __heap_base used once
__heap_limit 00000200

Symbol: __heap_limit
   Definitions
      At line 32 in file ..\..\..\Library\Device\Nuvoton\Nano1X2Series\Source\A
RM\startup_Nano1X2Series.s
   Uses
      At line 251 in file ..\..\..\Library\Device\Nuvoton\Nano1X2Series\Source\
ARM\startup_Nano1X2Series.s
Comment: __heap_limit used once
4 symbols



ARM Macro Assembler    Page 1 Alphabetic symbol ordering
Relocatable symbols

RESET 00000000

Symbol: RESET
   Definitions
      At line 41 in file ..\..\..\Library\Device\Nuvoton\Nano1X2Series\Source\A
RM\startup_Nano1X2Series.s
   Uses
      None
Comment: RESET unused
__Vectors 00000000

Symbol: __Vectors
   Definitions
      At line 44 in file ..\..\..\Library\Device\Nuvoton\Nano1X2Series\Source\A
RM\startup_Nano1X2Series.s
   Uses
      At line 42 in file ..\..\..\Library\Device\Nuvoton\Nano1X2Series\Source\A
RM\startup_Nano1X2Series.s
Comment: __Vectors used once
2 symbols



ARM Macro Assembler    Page 1 Alphabetic symbol ordering
Relocatable symbols

.text 00000000

Symbol: .text
   Definitions
      At line 94 in file ..\..\..\Library\Device\Nuvoton\Nano1X2Series\Source\A
RM\startup_Nano1X2Series.s
   Uses
      None
Comment: .text unused
ACMP_IRQHandler 00000030

Symbol: ACMP_IRQHandler
   Definitions
      At line 234 in file ..\..\..\Library\Device\Nuvoton\Nano1X2Series\Source\
ARM\startup_Nano1X2Series.s
   Uses
      At line 85 in file ..\..\..\Library\Device\Nuvoton\Nano1X2Series\Source\A
RM\startup_Nano1X2Series.s
      At line 206 in file ..\..\..\Library\Device\Nuvoton\Nano1X2Series\Source\
ARM\startup_Nano1X2Series.s

ADC_IRQHandler 00000030

Symbol: ADC_IRQHandler
   Definitions
      At line 233 in file ..\..\..\Library\Device\Nuvoton\Nano1X2Series\Source\
ARM\startup_Nano1X2Series.s
   Uses
      At line 91 in file ..\..\..\Library\Device\Nuvoton\Nano1X2Series\Source\A
RM\startup_Nano1X2Series.s
      At line 205 in file ..\..\..\Library\Device\Nuvoton\Nano1X2Series\Source\
ARM\startup_Nano1X2Series.s

BOD_IRQHandler 00000030

Symbol: BOD_IRQHandler
   Definitions
      At line 209 in file ..\..\..\Library\Device\Nuvoton\Nano1X2Series\Source\
ARM\startup_Nano1X2Series.s
   Uses
      At line 62 in file ..\..\..\Library\Device\Nuvoton\Nano1X2Series\Source\A
RM\startup_Nano1X2Series.s
      At line 181 in file ..\..\..\Library\Device\Nuvoton\Nano1X2Series\Source\
ARM\startup_Nano1X2Series.s

Default_Handler 00000030

Symbol: Default_Handler
   Definitions
      At line 179 in file ..\..\..\Library\Device\Nuvoton\Nano1X2Series\Source\
ARM\startup_Nano1X2Series.s
   Uses
      At line 78 in file ..\..\..\Library\Device\Nuvoton\Nano1X2Series\Source\A
RM\startup_Nano1X2Series.s
      At line 82 in file ..\..\..\Library\Device\Nuvoton\Nano1X2Series\Source\A
RM\startup_Nano1X2Series.s
      At line 86 in file ..\..\..\Library\Device\Nuvoton\Nano1X2Series\Source\A
RM\startup_Nano1X2Series.s
      At line 89 in file ..\..\..\Library\Device\Nuvoton\Nano1X2Series\Source\A



ARM Macro Assembler    Page 2 Alphabetic symbol ordering
Relocatable symbols

RM\startup_Nano1X2Series.s
      At line 92 in file ..\..\..\Library\Device\Nuvoton\Nano1X2Series\Source\A
RM\startup_Nano1X2Series.s

EINT0_IRQHandler 00000030

Symbol: EINT0_IRQHandler
   Definitions
      At line 211 in file ..\..\..\Library\Device\Nuvoton\Nano1X2Series\Source\
ARM\startup_Nano1X2Series.s
   Uses
      At line 64 in file ..\..\..\Library\Device\Nuvoton\Nano1X2Series\Source\A
RM\startup_Nano1X2Series.s
      At line 183 in file ..\..\..\Library\Device\Nuvoton\Nano1X2Series\Source\
ARM\startup_Nano1X2Series.s

EINT1_IRQHandler 00000030

Symbol: EINT1_IRQHandler
   Definitions
      At line 212 in file ..\..\..\Library\Device\Nuvoton\Nano1X2Series\Source\
ARM\startup_Nano1X2Series.s
   Uses
      At line 65 in file ..\..\..\Library\Device\Nuvoton\Nano1X2Series\Source\A
RM\startup_Nano1X2Series.s
      At line 184 in file ..\..\..\Library\Device\Nuvoton\Nano1X2Series\Source\
ARM\startup_Nano1X2Series.s

GPABC_IRQHandler 00000030

Symbol: GPABC_IRQHandler
   Definitions
      At line 213 in file ..\..\..\Library\Device\Nuvoton\Nano1X2Series\Source\
ARM\startup_Nano1X2Series.s
   Uses
      At line 66 in file ..\..\..\Library\Device\Nuvoton\Nano1X2Series\Source\A
RM\startup_Nano1X2Series.s
      At line 185 in file ..\..\..\Library\Device\Nuvoton\Nano1X2Series\Source\
ARM\startup_Nano1X2Series.s

GPDEF_IRQHandler 00000030

Symbol: GPDEF_IRQHandler
   Definitions
      At line 214 in file ..\..\..\Library\Device\Nuvoton\Nano1X2Series\Source\
ARM\startup_Nano1X2Series.s
   Uses
      At line 67 in file ..\..\..\Library\Device\Nuvoton\Nano1X2Series\Source\A
RM\startup_Nano1X2Series.s
      At line 186 in file ..\..\..\Library\Device\Nuvoton\Nano1X2Series\Source\
ARM\startup_Nano1X2Series.s

HIRC_IRQHandler 00000030

Symbol: HIRC_IRQHandler
   Definitions
      At line 225 in file ..\..\..\Library\Device\Nuvoton\Nano1X2Series\Source\
ARM\startup_Nano1X2Series.s
   Uses



ARM Macro Assembler    Page 3 Alphabetic symbol ordering
Relocatable symbols

      At line 79 in file ..\..\..\Library\Device\Nuvoton\Nano1X2Series\Source\A
RM\startup_Nano1X2Series.s
      At line 197 in file ..\..\..\Library\Device\Nuvoton\Nano1X2Series\Source\
ARM\startup_Nano1X2Series.s

HardFault_Handler 00000028

Symbol: HardFault_Handler
   Definitions
      At line 140 in file ..\..\..\Library\Device\Nuvoton\Nano1X2Series\Source\
ARM\startup_Nano1X2Series.s
   Uses
      At line 47 in file ..\..\..\Library\Device\Nuvoton\Nano1X2Series\Source\A
RM\startup_Nano1X2Series.s
      At line 141 in file ..\..\..\Library\Device\Nuvoton\Nano1X2Series\Source\
ARM\startup_Nano1X2Series.s

I2C0_IRQHandler 00000030

Symbol: I2C0_IRQHandler
   Definitions
      At line 226 in file ..\..\..\Library\Device\Nuvoton\Nano1X2Series\Source\
ARM\startup_Nano1X2Series.s
   Uses
      At line 80 in file ..\..\..\Library\Device\Nuvoton\Nano1X2Series\Source\A
RM\startup_Nano1X2Series.s
      At line 198 in file ..\..\..\Library\Device\Nuvoton\Nano1X2Series\Source\
ARM\startup_Nano1X2Series.s

I2C1_IRQHandler 00000030

Symbol: I2C1_IRQHandler
   Definitions
      At line 227 in file ..\..\..\Library\Device\Nuvoton\Nano1X2Series\Source\
ARM\startup_Nano1X2Series.s
   Uses
      At line 81 in file ..\..\..\Library\Device\Nuvoton\Nano1X2Series\Source\A
RM\startup_Nano1X2Series.s
      At line 199 in file ..\..\..\Library\Device\Nuvoton\Nano1X2Series\Source\
ARM\startup_Nano1X2Series.s

LCD_IRQHandler 00000030

Symbol: LCD_IRQHandler
   Definitions
      At line 230 in file ..\..\..\Library\Device\Nuvoton\Nano1X2Series\Source\
ARM\startup_Nano1X2Series.s
   Uses
      At line 87 in file ..\..\..\Library\Device\Nuvoton\Nano1X2Series\Source\A
RM\startup_Nano1X2Series.s
      At line 202 in file ..\..\..\Library\Device\Nuvoton\Nano1X2Series\Source\
ARM\startup_Nano1X2Series.s

NMI_Handler 00000026

Symbol: NMI_Handler
   Definitions
      At line 135 in file ..\..\..\Library\Device\Nuvoton\Nano1X2Series\Source\
ARM\startup_Nano1X2Series.s



ARM Macro Assembler    Page 4 Alphabetic symbol ordering
Relocatable symbols

   Uses
      At line 46 in file ..\..\..\Library\Device\Nuvoton\Nano1X2Series\Source\A
RM\startup_Nano1X2Series.s
      At line 136 in file ..\..\..\Library\Device\Nuvoton\Nano1X2Series\Source\
ARM\startup_Nano1X2Series.s

PDMA_IRQHandler 00000030

Symbol: PDMA_IRQHandler
   Definitions
      At line 231 in file ..\..\..\Library\Device\Nuvoton\Nano1X2Series\Source\
ARM\startup_Nano1X2Series.s
   Uses
      At line 88 in file ..\..\..\Library\Device\Nuvoton\Nano1X2Series\Source\A
RM\startup_Nano1X2Series.s
      At line 203 in file ..\..\..\Library\Device\Nuvoton\Nano1X2Series\Source\
ARM\startup_Nano1X2Series.s

PDWU_IRQHandler 00000030

Symbol: PDWU_IRQHandler
   Definitions
      At line 232 in file ..\..\..\Library\Device\Nuvoton\Nano1X2Series\Source\
ARM\startup_Nano1X2Series.s
   Uses
      At line 90 in file ..\..\..\Library\Device\Nuvoton\Nano1X2Series\Source\A
RM\startup_Nano1X2Series.s
      At line 204 in file ..\..\..\Library\Device\Nuvoton\Nano1X2Series\Source\
ARM\startup_Nano1X2Series.s

PWM0_IRQHandler 00000030

Symbol: PWM0_IRQHandler
   Definitions
      At line 215 in file ..\..\..\Library\Device\Nuvoton\Nano1X2Series\Source\
ARM\startup_Nano1X2Series.s
   Uses
      At line 68 in file ..\..\..\Library\Device\Nuvoton\Nano1X2Series\Source\A
RM\startup_Nano1X2Series.s
      At line 187 in file ..\..\..\Library\Device\Nuvoton\Nano1X2Series\Source\
ARM\startup_Nano1X2Series.s

PWM1_IRQHandler 00000030

Symbol: PWM1_IRQHandler
   Definitions
      At line 216 in file ..\..\..\Library\Device\Nuvoton\Nano1X2Series\Source\
ARM\startup_Nano1X2Series.s
   Uses
      At line 69 in file ..\..\..\Library\Device\Nuvoton\Nano1X2Series\Source\A
RM\startup_Nano1X2Series.s
      At line 188 in file ..\..\..\Library\Device\Nuvoton\Nano1X2Series\Source\
ARM\startup_Nano1X2Series.s

PendSV_Handler 0000002C

Symbol: PendSV_Handler
   Definitions
      At line 170 in file ..\..\..\Library\Device\Nuvoton\Nano1X2Series\Source\



ARM Macro Assembler    Page 5 Alphabetic symbol ordering
Relocatable symbols

ARM\startup_Nano1X2Series.s
   Uses
      At line 58 in file ..\..\..\Library\Device\Nuvoton\Nano1X2Series\Source\A
RM\startup_Nano1X2Series.s
      At line 171 in file ..\..\..\Library\Device\Nuvoton\Nano1X2Series\Source\
ARM\startup_Nano1X2Series.s

RTC_IRQHandler 00000030

Symbol: RTC_IRQHandler
   Definitions
      At line 235 in file ..\..\..\Library\Device\Nuvoton\Nano1X2Series\Source\
ARM\startup_Nano1X2Series.s
   Uses
      At line 93 in file ..\..\..\Library\Device\Nuvoton\Nano1X2Series\Source\A
RM\startup_Nano1X2Series.s
      At line 207 in file ..\..\..\Library\Device\Nuvoton\Nano1X2Series\Source\
ARM\startup_Nano1X2Series.s

Reset_Handler 00000000

Symbol: Reset_Handler
   Definitions
      At line 99 in file ..\..\..\Library\Device\Nuvoton\Nano1X2Series\Source\A
RM\startup_Nano1X2Series.s
   Uses
      At line 45 in file ..\..\..\Library\Device\Nuvoton\Nano1X2Series\Source\A
RM\startup_Nano1X2Series.s
      At line 100 in file ..\..\..\Library\Device\Nuvoton\Nano1X2Series\Source\
ARM\startup_Nano1X2Series.s

SC0_IRQHandler 00000030

Symbol: SC0_IRQHandler
   Definitions
      At line 228 in file ..\..\..\Library\Device\Nuvoton\Nano1X2Series\Source\
ARM\startup_Nano1X2Series.s
   Uses
      At line 83 in file ..\..\..\Library\Device\Nuvoton\Nano1X2Series\Source\A
RM\startup_Nano1X2Series.s
      At line 200 in file ..\..\..\Library\Device\Nuvoton\Nano1X2Series\Source\
ARM\startup_Nano1X2Series.s

SC1_IRQHandler 00000030

Symbol: SC1_IRQHandler
   Definitions
      At line 229 in file ..\..\..\Library\Device\Nuvoton\Nano1X2Series\Source\
ARM\startup_Nano1X2Series.s
   Uses
      At line 84 in file ..\..\..\Library\Device\Nuvoton\Nano1X2Series\Source\A
RM\startup_Nano1X2Series.s
      At line 201 in file ..\..\..\Library\Device\Nuvoton\Nano1X2Series\Source\
ARM\startup_Nano1X2Series.s

SPI0_IRQHandler 00000030

Symbol: SPI0_IRQHandler
   Definitions



ARM Macro Assembler    Page 6 Alphabetic symbol ordering
Relocatable symbols

      At line 223 in file ..\..\..\Library\Device\Nuvoton\Nano1X2Series\Source\
ARM\startup_Nano1X2Series.s
   Uses
      At line 76 in file ..\..\..\Library\Device\Nuvoton\Nano1X2Series\Source\A
RM\startup_Nano1X2Series.s
      At line 195 in file ..\..\..\Library\Device\Nuvoton\Nano1X2Series\Source\
ARM\startup_Nano1X2Series.s

SPI1_IRQHandler 00000030

Symbol: SPI1_IRQHandler
   Definitions
      At line 224 in file ..\..\..\Library\Device\Nuvoton\Nano1X2Series\Source\
ARM\startup_Nano1X2Series.s
   Uses
      At line 77 in file ..\..\..\Library\Device\Nuvoton\Nano1X2Series\Source\A
RM\startup_Nano1X2Series.s
      At line 196 in file ..\..\..\Library\Device\Nuvoton\Nano1X2Series\Source\
ARM\startup_Nano1X2Series.s

SVC_Handler 0000002A

Symbol: SVC_Handler
   Definitions
      At line 166 in file ..\..\..\Library\Device\Nuvoton\Nano1X2Series\Source\
ARM\startup_Nano1X2Series.s
   Uses
      At line 55 in file ..\..\..\Library\Device\Nuvoton\Nano1X2Series\Source\A
RM\startup_Nano1X2Series.s
      At line 167 in file ..\..\..\Library\Device\Nuvoton\Nano1X2Series\Source\
ARM\startup_Nano1X2Series.s

SysTick_Handler 0000002E

Symbol: SysTick_Handler
   Definitions
      At line 174 in file ..\..\..\Library\Device\Nuvoton\Nano1X2Series\Source\
ARM\startup_Nano1X2Series.s
   Uses
      At line 59 in file ..\..\..\Library\Device\Nuvoton\Nano1X2Series\Source\A
RM\startup_Nano1X2Series.s
      At line 175 in file ..\..\..\Library\Device\Nuvoton\Nano1X2Series\Source\
ARM\startup_Nano1X2Series.s

TMR0_IRQHandler 00000030

Symbol: TMR0_IRQHandler
   Definitions
      At line 217 in file ..\..\..\Library\Device\Nuvoton\Nano1X2Series\Source\
ARM\startup_Nano1X2Series.s
   Uses
      At line 70 in file ..\..\..\Library\Device\Nuvoton\Nano1X2Series\Source\A
RM\startup_Nano1X2Series.s
      At line 189 in file ..\..\..\Library\Device\Nuvoton\Nano1X2Series\Source\
ARM\startup_Nano1X2Series.s

TMR1_IRQHandler 00000030

Symbol: TMR1_IRQHandler



ARM Macro Assembler    Page 7 Alphabetic symbol ordering
Relocatable symbols

   Definitions
      At line 218 in file ..\..\..\Library\Device\Nuvoton\Nano1X2Series\Source\
ARM\startup_Nano1X2Series.s
   Uses
      At line 71 in file ..\..\..\Library\Device\Nuvoton\Nano1X2Series\Source\A
RM\startup_Nano1X2Series.s
      At line 190 in file ..\..\..\Library\Device\Nuvoton\Nano1X2Series\Source\
ARM\startup_Nano1X2Series.s

TMR2_IRQHandler 00000030

Symbol: TMR2_IRQHandler
   Definitions
      At line 219 in file ..\..\..\Library\Device\Nuvoton\Nano1X2Series\Source\
ARM\startup_Nano1X2Series.s
   Uses
      At line 72 in file ..\..\..\Library\Device\Nuvoton\Nano1X2Series\Source\A
RM\startup_Nano1X2Series.s
      At line 191 in file ..\..\..\Library\Device\Nuvoton\Nano1X2Series\Source\
ARM\startup_Nano1X2Series.s

TMR3_IRQHandler 00000030

Symbol: TMR3_IRQHandler
   Definitions
      At line 220 in file ..\..\..\Library\Device\Nuvoton\Nano1X2Series\Source\
ARM\startup_Nano1X2Series.s
   Uses
      At line 73 in file ..\..\..\Library\Device\Nuvoton\Nano1X2Series\Source\A
RM\startup_Nano1X2Series.s
      At line 192 in file ..\..\..\Library\Device\Nuvoton\Nano1X2Series\Source\
ARM\startup_Nano1X2Series.s

UART0_IRQHandler 00000030

Symbol: UART0_IRQHandler
   Definitions
      At line 221 in file ..\..\..\Library\Device\Nuvoton\Nano1X2Series\Source\
ARM\startup_Nano1X2Series.s
   Uses
      At line 74 in file ..\..\..\Library\Device\Nuvoton\Nano1X2Series\Source\A
RM\startup_Nano1X2Series.s
      At line 193 in file ..\..\..\Library\Device\Nuvoton\Nano1X2Series\Source\
ARM\startup_Nano1X2Series.s

UART1_IRQHandler 00000030

Symbol: UART1_IRQHandler
   Definitions
      At line 222 in file ..\..\..\Library\Device\Nuvoton\Nano1X2Series\Source\
ARM\startup_Nano1X2Series.s
   Uses
      At line 75 in file ..\..\..\Library\Device\Nuvoton\Nano1X2Series\Source\A
RM\startup_Nano1X2Series.s
      At line 194 in file ..\..\..\Library\Device\Nuvoton\Nano1X2Series\Source\
ARM\startup_Nano1X2Series.s

WDT_IRQHandler 00000030




ARM Macro Assembler    Page 8 Alphabetic symbol ordering
Relocatable symbols

Symbol: WDT_IRQHandler
   Definitions
      At line 210 in file ..\..\..\Library\Device\Nuvoton\Nano1X2Series\Source\
ARM\startup_Nano1X2Series.s
   Uses
      At line 63 in file ..\..\..\Library\Device\Nuvoton\Nano1X2Series\Source\A
RM\startup_Nano1X2Series.s
      At line 182 in file ..\..\..\Library\Device\Nuvoton\Nano1X2Series\Source\
ARM\startup_Nano1X2Series.s

35 symbols



ARM Macro Assembler    Page 1 Alphabetic symbol ordering
Absolute symbols

Heap_Size 00000200

Symbol: Heap_Size
   Definitions
      At line 27 in file ..\..\..\Library\Device\Nuvoton\Nano1X2Series\Source\A
RM\startup_Nano1X2Series.s
   Uses
      At line 31 in file ..\..\..\Library\Device\Nuvoton\Nano1X2Series\Source\A
RM\startup_Nano1X2Series.s
Comment: Heap_Size used once
Stack_Size 00000500

Symbol: Stack_Size
   Definitions
      At line 16 in file ..\..\..\Library\Device\Nuvoton\Nano1X2Series\Source\A
RM\startup_Nano1X2Series.s
   Uses
      At line 19 in file ..\..\..\Library\Device\Nuvoton\Nano1X2Series\Source\A
RM\startup_Nano1X2Series.s
Comment: Stack_Size used once
2 symbols



ARM Macro Assembler    Page 1 Alphabetic symbol ordering
External symbols

__main 00000000

Symbol: __main
   Definitions
      At line 101 in file ..\..\..\Library\Device\Nuvoton\Nano1X2Series\Source\
ARM\startup_Nano1X2Series.s
   Uses
      At line 128 in file ..\..\..\Library\Device\Nuvoton\Nano1X2Series\Source\
ARM\startup_Nano1X2Series.s
Comment: __main used once
1 symbol
386 symbols in table
